[2026-06-28T05:16:05.201568+00:00] instagram: scraping https://www.instagram.com/azafashions/ via Apify
[2026-06-28T05:17:59.134209+00:00] instagram: FAILED — Input is not valid: Values in input.directUrls at positions [3] must match regular expression "https?:\/\/(?:www\.)?instagram\.com\/(?!reels\/audio\/)(?:(?:[^!@#$%^&*(){},'"\/\s`\\=-]+\/)?(?:p|reel)|reels)\/[^\/]+"
Traceback (most recent call last):
  File "/home/runner/work/listenv1/listenv1/run.py", line 38, in run_platform
    items = runner(url_or_terms)
            ^^^^^^^^^^^^^^^^^^^^
  File "/home/runner/work/listenv1/listenv1/scrapers/instagram.py", line 94, in run_sync
    return _scrape_comments_for_posts(client, urls, handle)
           ^^^^^^^^^^^^^^^^^^^^^^^^^^^^^^^^^^^^^^^^^^^^^^^^
  File "/home/runner/work/listenv1/listenv1/scrapers/instagram.py", line 56, in _scrape_comments_for_posts
    run = client.actor(IG_COMMENT_ACTOR).call(
          ^^^^^^^^^^^^^^^^^^^^^^^^^^^^^^^^^^^^
  File "/opt/hostedtoolcache/Python/3.11.15/x64/lib/python3.11/site-packages/apify_client/_logging.py", line 86, in wrapper
    return fun(resource_client, *args, **kwargs)
           ^^^^^^^^^^^^^^^^^^^^^^^^^^^^^^^^^^^^^
  File "/opt/hostedtoolcache/Python/3.11.15/x64/lib/python3.11/site-packages/apify_client/clients/resource_clients/actor.py", line 367, in call
    started_run = self.start(
                  ^^^^^^^^^^^
  File "/opt/hostedtoolcache/Python/3.11.15/x64/lib/python3.11/site-packages/apify_client/_logging.py", line 86, in wrapper
    return fun(resource_client, *args, **kwargs)
           ^^^^^^^^^^^^^^^^^^^^^^^^^^^^^^^^^^^^^
  File "/opt/hostedtoolcache/Python/3.11.15/x64/lib/python3.11/site-packages/apify_client/clients/resource_clients/actor.py", line 306, in start
    response = self.http_client.call(
               ^^^^^^^^^^^^^^^^^^^^^^
  File "/opt/hostedtoolcache/Python/3.11.15/x64/lib/python3.11/site-packages/apify_client/_http_client.py", line 213, in call
    return retry_with_exp_backoff(
           ^^^^^^^^^^^^^^^^^^^^^^^
  File "/opt/hostedtoolcache/Python/3.11.15/x64/lib/python3.11/site-packages/apify_client/_utils.py", line 175, in retry_with_exp_backoff
    return func(stop_retrying, attempt)
           ^^^^^^^^^^^^^^^^^^^^^^^^^^^^
  File "/opt/hostedtoolcache/Python/3.11.15/x64/lib/python3.11/site-packages/apify_client/_http_client.py", line 211, in _make_request
    raise ApifyApiError(response, attempt, method=method)
apify_client.errors.ApifyApiError: Input is not valid: Values in input.directUrls at positions [3] must match regular expression "https?:\/\/(?:www\.)?instagram\.com\/(?!reels\/audio\/)(?:(?:[^!@#$%^&*(){},'"\/\s`\\=-]+\/)?(?:p|reel)|reels)\/[^\/]+"

[2026-06-28T05:17:59.134330+00:00] facebook: scraping https://www.facebook.com/AzaFashions/ via Apify
[2026-06-28T05:19:00.228016+00:00] facebook: scraped 1 items
[2026-06-28T05:19:00.228283+00:00] facebook: classifying 1 new/changed items
[2026-06-28T05:19:01.713345+00:00] reddit: scraping with terms=['Aza Fashions', 'AzaFashions', 'azafashions.com'] via Apify
[2026-06-28T05:23:32.353171+00:00] reddit: scraped 0 raw items
[2026-06-28T05:23:32.353323+00:00] reddit: 0 items after filter
[2026-06-28T05:23:32.353621+00:00] tiktok: scraping https://www.tiktok.com/@azafashions via Apify
[2026-06-28T05:24:36.445870+00:00] tiktok: scraped 1 items
[2026-06-28T05:24:36.446093+00:00] tiktok: classifying 1 new/changed items
[2026-06-28T05:24:38.025533+00:00] aggregate: index.json written
