[2026-07-31T04:21:05.177156+00:00] instagram: scraping https://www.instagram.com/azafashions/ via Apify
[2026-07-31T04:21:36.056454+00:00] instagram: scraped 6 items
[2026-07-31T04:21:36.056732+00:00] instagram: classifying 6 new/changed items
[2026-07-31T04:21:41.027920+00:00] facebook: scraping https://www.facebook.com/AzaFashions/ via Apify
[2026-07-31T04:22:48.388955+00:00] facebook: scraped 3 items
[2026-07-31T04:22:48.389248+00:00] facebook: classifying 3 new/changed items
[2026-07-31T04:22:51.038946+00:00] reddit: scraping with terms=['Aza Fashions', 'AzaFashions', 'azafashions.com'] via Apify
[2026-07-31T04:22:51.331407+00:00] reddit: FAILED — Monthly usage hard limit exceeded. Please upgrade your subscription or contact support@apify.com
Traceback (most recent call last):
  File "/home/runner/work/listenv1/listenv1/run.py", line 32, in run_platform
    items = runner(url_or_terms)
            ^^^^^^^^^^^^^^^^^^^^
  File "/home/runner/work/listenv1/listenv1/scrapers/reddit.py", line 128, in run_sync
    run = client.actor(REDDIT_ACTOR).call(
          ^^^^^^^^^^^^^^^^^^^^^^^^^^^^^^^^
  File "/opt/hostedtoolcache/Python/3.11.15/x64/lib/python3.11/site-packages/apify_client/_logging.py", line 86, in wrapper
    return fun(resource_client, *args, **kwargs)
           ^^^^^^^^^^^^^^^^^^^^^^^^^^^^^^^^^^^^^
  File "/opt/hostedtoolcache/Python/3.11.15/x64/lib/python3.11/site-packages/apify_client/clients/resource_clients/actor.py", line 367, in call
    started_run = self.start(
                  ^^^^^^^^^^^
  File "/opt/hostedtoolcache/Python/3.11.15/x64/lib/python3.11/site-packages/apify_client/_logging.py", line 86, in wrapper
    return fun(resource_client, *args, **kwargs)
           ^^^^^^^^^^^^^^^^^^^^^^^^^^^^^^^^^^^^^
  File "/opt/hostedtoolcache/Python/3.11.15/x64/lib/python3.11/site-packages/apify_client/clients/resource_clients/actor.py", line 306, in start
    response = self.http_client.call(
               ^^^^^^^^^^^^^^^^^^^^^^
  File "/opt/hostedtoolcache/Python/3.11.15/x64/lib/python3.11/site-packages/apify_client/_http_client.py", line 213, in call
    return retry_with_exp_backoff(
           ^^^^^^^^^^^^^^^^^^^^^^^
  File "/opt/hostedtoolcache/Python/3.11.15/x64/lib/python3.11/site-packages/apify_client/_utils.py", line 175, in retry_with_exp_backoff
    return func(stop_retrying, attempt)
           ^^^^^^^^^^^^^^^^^^^^^^^^^^^^
  File "/opt/hostedtoolcache/Python/3.11.15/x64/lib/python3.11/site-packages/apify_client/_http_client.py", line 211, in _make_request
    raise ApifyApiError(response, attempt, method=method)
apify_client.errors.ApifyApiError: Monthly usage hard limit exceeded. Please upgrade your subscription or contact support@apify.com

[2026-07-31T04:22:51.331532+00:00] tiktok: scraping https://www.tiktok.com/@azafashions via Apify
[2026-07-31T04:22:51.579660+00:00] tiktok: FAILED — Monthly usage hard limit exceeded. Please upgrade your subscription or contact support@apify.com
Traceback (most recent call last):
  File "/home/runner/work/listenv1/listenv1/run.py", line 38, in run_platform
    items = runner(url_or_terms)
            ^^^^^^^^^^^^^^^^^^^^
  File "/home/runner/work/listenv1/listenv1/scrapers/tiktok.py", line 77, in run_sync
    video_urls = _recent_video_urls(client, handle)
                 ^^^^^^^^^^^^^^^^^^^^^^^^^^^^^^^^^^
  File "/home/runner/work/listenv1/listenv1/scrapers/tiktok.py", line 52, in _recent_video_urls
    run = client.actor(TIKTOK_PROFILE_ACTOR).call(run_input=run_input, timeout_secs=TIMEOUT_SECS)
          ^^^^^^^^^^^^^^^^^^^^^^^^^^^^^^^^^^^^^^^^^^^^^^^^^^^^^^^^^^^^^^^^^^^^^^^^^^^^^^^^^^^^^^^
  File "/opt/hostedtoolcache/Python/3.11.15/x64/lib/python3.11/site-packages/apify_client/_logging.py", line 86, in wrapper
    return fun(resource_client, *args, **kwargs)
           ^^^^^^^^^^^^^^^^^^^^^^^^^^^^^^^^^^^^^
  File "/opt/hostedtoolcache/Python/3.11.15/x64/lib/python3.11/site-packages/apify_client/clients/resource_clients/actor.py", line 367, in call
    started_run = self.start(
                  ^^^^^^^^^^^
  File "/opt/hostedtoolcache/Python/3.11.15/x64/lib/python3.11/site-packages/apify_client/_logging.py", line 86, in wrapper
    return fun(resource_client, *args, **kwargs)
           ^^^^^^^^^^^^^^^^^^^^^^^^^^^^^^^^^^^^^
  File "/opt/hostedtoolcache/Python/3.11.15/x64/lib/python3.11/site-packages/apify_client/clients/resource_clients/actor.py", line 306, in start
    response = self.http_client.call(
               ^^^^^^^^^^^^^^^^^^^^^^
  File "/opt/hostedtoolcache/Python/3.11.15/x64/lib/python3.11/site-packages/apify_client/_http_client.py", line 213, in call
    return retry_with_exp_backoff(
           ^^^^^^^^^^^^^^^^^^^^^^^
  File "/opt/hostedtoolcache/Python/3.11.15/x64/lib/python3.11/site-packages/apify_client/_utils.py", line 175, in retry_with_exp_backoff
    return func(stop_retrying, attempt)
           ^^^^^^^^^^^^^^^^^^^^^^^^^^^^
  File "/opt/hostedtoolcache/Python/3.11.15/x64/lib/python3.11/site-packages/apify_client/_http_client.py", line 211, in _make_request
    raise ApifyApiError(response, attempt, method=method)
apify_client.errors.ApifyApiError: Monthly usage hard limit exceeded. Please upgrade your subscription or contact support@apify.com

[2026-07-31T04:22:51.589403+00:00] aggregate: index.json written
