[2026-07-01T05:21:03.901548+00:00] instagram: scraping https://www.instagram.com/azafashions/ via Apify
[2026-07-01T05:21:53.824425+00:00] instagram: scraped 4 items
[2026-07-01T05:21:53.824667+00:00] instagram: classifying 4 new/changed items
[2026-07-01T05:21:56.615200+00:00] facebook: scraping https://www.facebook.com/AzaFashions/ via Apify
[2026-07-01T05:22:28.292997+00:00] facebook: scraped 0 items
[2026-07-01T05:22:28.293182+00:00] reddit: scraping with terms=['Aza Fashions', 'AzaFashions', 'azafashions.com'] via Apify
[2026-07-01T05:25:54.439174+00:00] reddit: scraped 0 raw items
[2026-07-01T05:25:54.439310+00:00] reddit: 0 items after filter
[2026-07-01T05:25:54.439633+00:00] tiktok: scraping https://www.tiktok.com/@azafashions via Apify
[2026-07-01T05:25:54.569019+00:00] tiktok: FAILED — Monthly usage hard limit exceeded. Please upgrade your subscription or contact support@apify.com
Traceback (most recent call last):
  File "/home/runner/work/listenv1/listenv1/run.py", line 38, in run_platform
    items = runner(url_or_terms)
            ^^^^^^^^^^^^^^^^^^^^
  File "/home/runner/work/listenv1/listenv1/scrapers/tiktok.py", line 77, in run_sync
    video_urls = _recent_video_urls(client, handle)
                 ^^^^^^^^^^^^^^^^^^^^^^^^^^^^^^^^^^
  File "/home/runner/work/listenv1/listenv1/scrapers/tiktok.py", line 52, in _recent_video_urls
    run = client.actor(TIKTOK_PROFILE_ACTOR).call(run_input=run_input, timeout_secs=TIMEOUT_SECS)
          ^^^^^^^^^^^^^^^^^^^^^^^^^^^^^^^^^^^^^^^^^^^^^^^^^^^^^^^^^^^^^^^^^^^^^^^^^^^^^^^^^^^^^^^
  File "/opt/hostedtoolcache/Python/3.11.15/x64/lib/python3.11/site-packages/apify_client/_logging.py", line 86, in wrapper
    return fun(resource_client, *args, **kwargs)
           ^^^^^^^^^^^^^^^^^^^^^^^^^^^^^^^^^^^^^
  File "/opt/hostedtoolcache/Python/3.11.15/x64/lib/python3.11/site-packages/apify_client/clients/resource_clients/actor.py", line 367, in call
    started_run = self.start(
                  ^^^^^^^^^^^
  File "/opt/hostedtoolcache/Python/3.11.15/x64/lib/python3.11/site-packages/apify_client/_logging.py", line 86, in wrapper
    return fun(resource_client, *args, **kwargs)
           ^^^^^^^^^^^^^^^^^^^^^^^^^^^^^^^^^^^^^
  File "/opt/hostedtoolcache/Python/3.11.15/x64/lib/python3.11/site-packages/apify_client/clients/resource_clients/actor.py", line 306, in start
    response = self.http_client.call(
               ^^^^^^^^^^^^^^^^^^^^^^
  File "/opt/hostedtoolcache/Python/3.11.15/x64/lib/python3.11/site-packages/apify_client/_http_client.py", line 213, in call
    return retry_with_exp_backoff(
           ^^^^^^^^^^^^^^^^^^^^^^^
  File "/opt/hostedtoolcache/Python/3.11.15/x64/lib/python3.11/site-packages/apify_client/_utils.py", line 175, in retry_with_exp_backoff
    return func(stop_retrying, attempt)
           ^^^^^^^^^^^^^^^^^^^^^^^^^^^^
  File "/opt/hostedtoolcache/Python/3.11.15/x64/lib/python3.11/site-packages/apify_client/_http_client.py", line 211, in _make_request
    raise ApifyApiError(response, attempt, method=method)
apify_client.errors.ApifyApiError: Monthly usage hard limit exceeded. Please upgrade your subscription or contact support@apify.com

[2026-07-01T05:25:54.576319+00:00] aggregate: index.json written
